{
  "input": {},
  "hasError": true,
  "errorPattern": "missing_required"
}